   ??Next.js 14.1.4

   Creating an optimized production build ...
node.exe : request to https://fonts.gstatic.com/s/inter/v20/UcC73FwrK
3iLTeHuS_nVMrMxCp50SjIa0ZL7W0Q5n-wU.woff2 failed, reason: self-signed
 certificate in certificate chain
위치 줄:1 문자:1
+ & "C:\Program Files\nodejs/node.exe" "C:\Program Files\nodejs/node_
mo ...
+ ~~~~~~~~~~~~~~~~~~~~~~~~~~~~~~~~~~~~~~~~~~~~~~~~~~~~~~~~~~~~~~~~~~~
~~
    + CategoryInfo          : NotSpecified: (request to http...rtifi 
   cate chain:String) [], RemoteException
    + FullyQualifiedErrorId : NativeCommandError
 

Retrying 1/3...
request to https://fonts.gstatic.com/s/inter/v20/UcC73FwrK3iLTeHuS_nV
MrMxCp50SjIa1pL7W0Q5n-wU.woff2 failed, reason: self-signed certificat
e in certificate chain

Retrying 1/3...
request to https://fonts.gstatic.com/s/inter/v20/UcC73FwrK3iLTeHuS_nV
MrMxCp50SjIa2pL7W0Q5n-wU.woff2 failed, reason: self-signed certificat
e in certificate chain

Retrying 1/3...
request to https://fonts.gstatic.com/s/inter/v20/UcC73FwrK3iLTeHuS_nV
MrMxCp50SjIa2JL7W0Q5n-wU.woff2 failed, reason: self-signed certificat
e in certificate chain

Retrying 1/3...
request to https://fonts.gstatic.com/s/inter/v20/UcC73FwrK3iLTeHuS_nV
MrMxCp50SjIa1ZL7W0Q5nw.woff2 failed, reason: self-signed certificate 
in certificate chain

Retrying 1/3...
request to https://fonts.gstatic.com/s/inter/v20/UcC73FwrK3iLTeHuS_nV
MrMxCp50SjIa2ZL7W0Q5n-wU.woff2 failed, reason: self-signed certificat
e in certificate chain

Retrying 1/3...
request to https://fonts.gstatic.com/s/inter/v20/UcC73FwrK3iLTeHuS_nV
MrMxCp50SjIa25L7W0Q5n-wU.woff2 failed, reason: self-signed certificat
e in certificate chain

Retrying 1/3...
request to https://fonts.gstatic.com/s/inter/v20/UcC73FwrK3iLTeHuS_nV
MrMxCp50SjIa25L7W0Q5n-wU.woff2 failed, reason: self-signed certificat
e in certificate chain

Retrying 2/3...
request to https://fonts.gstatic.com/s/inter/v20/UcC73FwrK3iLTeHuS_nV
MrMxCp50SjIa1pL7W0Q5n-wU.woff2 failed, reason: self-signed certificat
e in certificate chain

Retrying 2/3...
request to https://fonts.gstatic.com/s/inter/v20/UcC73FwrK3iLTeHuS_nV
MrMxCp50SjIa2ZL7W0Q5n-wU.woff2 failed, reason: self-signed certificat
e in certificate chain

Retrying 2/3...
request to https://fonts.gstatic.com/s/inter/v20/UcC73FwrK3iLTeHuS_nV
MrMxCp50SjIa2JL7W0Q5n-wU.woff2 failed, reason: self-signed certificat
e in certificate chain

Retrying 2/3...
request to https://fonts.gstatic.com/s/inter/v20/UcC73FwrK3iLTeHuS_nV
MrMxCp50SjIa2pL7W0Q5n-wU.woff2 failed, reason: self-signed certificat
e in certificate chain

Retrying 2/3...
request to https://fonts.gstatic.com/s/inter/v20/UcC73FwrK3iLTeHuS_nV
MrMxCp50SjIa0ZL7W0Q5n-wU.woff2 failed, reason: self-signed certificat
e in certificate chain

Retrying 2/3...
request to https://fonts.gstatic.com/s/inter/v20/UcC73FwrK3iLTeHuS_nV
MrMxCp50SjIa1ZL7W0Q5nw.woff2 failed, reason: self-signed certificate 
in certificate chain

Retrying 2/3...
request to https://fonts.gstatic.com/s/inter/v20/UcC73FwrK3iLTeHuS_nV
MrMxCp50SjIa2pL7W0Q5n-wU.woff2 failed, reason: self-signed certificat
e in certificate chain

Retrying 3/3...
request to https://fonts.gstatic.com/s/inter/v20/UcC73FwrK3iLTeHuS_nV
MrMxCp50SjIa2ZL7W0Q5n-wU.woff2 failed, reason: self-signed certificat
e in certificate chain

Retrying 3/3...
request to https://fonts.gstatic.com/s/inter/v20/UcC73FwrK3iLTeHuS_nV
MrMxCp50SjIa1pL7W0Q5n-wU.woff2 failed, reason: self-signed certificat
e in certificate chain

Retrying 3/3...
request to https://fonts.gstatic.com/s/inter/v20/UcC73FwrK3iLTeHuS_nV
MrMxCp50SjIa2JL7W0Q5n-wU.woff2 failed, reason: self-signed certificat
e in certificate chain

Retrying 3/3...
request to https://fonts.gstatic.com/s/inter/v20/UcC73FwrK3iLTeHuS_nV
MrMxCp50SjIa1ZL7W0Q5nw.woff2 failed, reason: self-signed certificate 
in certificate chain

Retrying 3/3...
request to https://fonts.gstatic.com/s/inter/v20/UcC73FwrK3iLTeHuS_nV
MrMxCp50SjIa25L7W0Q5n-wU.woff2 failed, reason: self-signed certificat
e in certificate chain

Retrying 3/3...
request to https://fonts.gstatic.com/s/inter/v20/UcC73FwrK3iLTeHuS_nV
MrMxCp50SjIa0ZL7W0Q5n-wU.woff2 failed, reason: self-signed certificat
e in certificate chain

Retrying 3/3...
FetchError: request to https://fonts.gstatic.com/s/inter/v20/UcC73Fwr
K3iLTeHuS_nVMrMxCp50SjIa2ZL7W0Q5n-wU.woff2 failed, reason: self-signe
d certificate in certificate chain
    at ClientRequest.<anonymous> (C:\Users\Administrator\Documents\Gi
tHub\skyterracemusic\node_modules\next\dist\compiled\node-fetch\index
.js:1:66160)
    at ClientRequest.emit (node:events:508:28)
    at emitErrorEvent (node:_http_client:108:11)
    at TLSSocket.socketErrorListener (node:_http_client:575:5)
    at TLSSocket.emit (node:events:508:28)
    at emitErrorNT (node:internal/streams/destroy:170:8)
    at emitErrorCloseNT (node:internal/streams/destroy:129:3)
    at process.processTicksAndRejections (node:internal/process/task_
queues:89:21) {
  type: 'system',
  errno: 'SELF_SIGNED_CERT_IN_CHAIN',
  code: 'SELF_SIGNED_CERT_IN_CHAIN'
}
FetchError: request to https://fonts.gstatic.com/s/inter/v20/UcC73Fwr
K3iLTeHuS_nVMrMxCp50SjIa1ZL7W0Q5nw.woff2 failed, reason: self-signed 
certificate in certificate chain
    at ClientRequest.<anonymous> (C:\Users\Administrator\Documents\Gi
tHub\skyterracemusic\node_modules\next\dist\compiled\node-fetch\index
.js:1:66160)
    at ClientRequest.emit (node:events:508:28)
    at emitErrorEvent (node:_http_client:108:11)
    at TLSSocket.socketErrorListener (node:_http_client:575:5)
    at TLSSocket.emit (node:events:508:28)
    at emitErrorNT (node:internal/streams/destroy:170:8)
    at emitErrorCloseNT (node:internal/streams/destroy:129:3)
    at process.processTicksAndRejections (node:internal/process/task_
queues:89:21) {
  type: 'system',
  errno: 'SELF_SIGNED_CERT_IN_CHAIN',
  code: 'SELF_SIGNED_CERT_IN_CHAIN'
}
FetchError: request to https://fonts.gstatic.com/s/inter/v20/UcC73Fwr
K3iLTeHuS_nVMrMxCp50SjIa25L7W0Q5n-wU.woff2 failed, reason: self-signe
d certificate in certificate chain
    at ClientRequest.<anonymous> (C:\Users\Administrator\Documents\Gi
tHub\skyterracemusic\node_modules\next\dist\compiled\node-fetch\index
.js:1:66160)
    at ClientRequest.emit (node:events:508:28)
    at emitErrorEvent (node:_http_client:108:11)
    at TLSSocket.socketErrorListener (node:_http_client:575:5)
    at TLSSocket.emit (node:events:508:28)
    at emitErrorNT (node:internal/streams/destroy:170:8)
    at emitErrorCloseNT (node:internal/streams/destroy:129:3)
    at process.processTicksAndRejections (node:internal/process/task_
queues:89:21) {
  type: 'system',
  errno: 'SELF_SIGNED_CERT_IN_CHAIN',
  code: 'SELF_SIGNED_CERT_IN_CHAIN'
}
FetchError: request to https://fonts.gstatic.com/s/inter/v20/UcC73Fwr
K3iLTeHuS_nVMrMxCp50SjIa2pL7W0Q5n-wU.woff2 failed, reason: self-signe
d certificate in certificate chain
    at ClientRequest.<anonymous> (C:\Users\Administrator\Documents\Gi
tHub\skyterracemusic\node_modules\next\dist\compiled\node-fetch\index
.js:1:66160)
    at ClientRequest.emit (node:events:508:28)
    at emitErrorEvent (node:_http_client:108:11)
    at TLSSocket.socketErrorListener (node:_http_client:575:5)
    at TLSSocket.emit (node:events:508:28)
    at emitErrorNT (node:internal/streams/destroy:170:8)
    at emitErrorCloseNT (node:internal/streams/destroy:129:3)
    at process.processTicksAndRejections (node:internal/process/task_
queues:89:21) {
  type: 'system',
  errno: 'SELF_SIGNED_CERT_IN_CHAIN',
  code: 'SELF_SIGNED_CERT_IN_CHAIN'
}
FetchError: request to https://fonts.gstatic.com/s/inter/v20/UcC73Fwr
K3iLTeHuS_nVMrMxCp50SjIa2JL7W0Q5n-wU.woff2 failed, reason: self-signe
d certificate in certificate chain
    at ClientRequest.<anonymous> (C:\Users\Administrator\Documents\Gi
tHub\skyterracemusic\node_modules\next\dist\compiled\node-fetch\index
.js:1:66160)
    at ClientRequest.emit (node:events:508:28)
    at emitErrorEvent (node:_http_client:108:11)
    at TLSSocket.socketErrorListener (node:_http_client:575:5)
    at TLSSocket.emit (node:events:508:28)
    at emitErrorNT (node:internal/streams/destroy:170:8)
    at emitErrorCloseNT (node:internal/streams/destroy:129:3)
    at process.processTicksAndRejections (node:internal/process/task_
queues:89:21) {
  type: 'system',
  errno: 'SELF_SIGNED_CERT_IN_CHAIN',
  code: 'SELF_SIGNED_CERT_IN_CHAIN'
}
FetchError: request to https://fonts.gstatic.com/s/inter/v20/UcC73Fwr
K3iLTeHuS_nVMrMxCp50SjIa0ZL7W0Q5n-wU.woff2 failed, reason: self-signe
d certificate in certificate chain
    at ClientRequest.<anonymous> (C:\Users\Administrator\Documents\Gi
tHub\skyterracemusic\node_modules\next\dist\compiled\node-fetch\index
.js:1:66160)
    at ClientRequest.emit (node:events:508:28)
    at emitErrorEvent (node:_http_client:108:11)
    at TLSSocket.socketErrorListener (node:_http_client:575:5)
    at TLSSocket.emit (node:events:508:28)
    at emitErrorNT (node:internal/streams/destroy:170:8)
    at emitErrorCloseNT (node:internal/streams/destroy:129:3)
    at process.processTicksAndRejections (node:internal/process/task_
queues:89:21) {
  type: 'system',
  errno: 'SELF_SIGNED_CERT_IN_CHAIN',
  code: 'SELF_SIGNED_CERT_IN_CHAIN'
}
FetchError: request to https://fonts.gstatic.com/s/inter/v20/UcC73Fwr
K3iLTeHuS_nVMrMxCp50SjIa1pL7W0Q5n-wU.woff2 failed, reason: self-signe
d certificate in certificate chain
    at ClientRequest.<anonymous> (C:\Users\Administrator\Documents\Gi
tHub\skyterracemusic\node_modules\next\dist\compiled\node-fetch\index
.js:1:66160)
    at ClientRequest.emit (node:events:508:28)
    at emitErrorEvent (node:_http_client:108:11)
    at TLSSocket.socketErrorListener (node:_http_client:575:5)
    at TLSSocket.emit (node:events:508:28)
    at emitErrorNT (node:internal/streams/destroy:170:8)
    at emitErrorCloseNT (node:internal/streams/destroy:129:3)
    at process.processTicksAndRejections (node:internal/process/task_
queues:89:21) {
  type: 'system',
  errno: 'SELF_SIGNED_CERT_IN_CHAIN',
  code: 'SELF_SIGNED_CERT_IN_CHAIN'
}
Failed to compile.

src\app\layout.tsx
`next/font` error:
Failed to fetch `Inter` from Google Fonts.

./src/lib/mail.ts
Module not found: Can't resolve 'nodemailer'

https://nextjs.org/docs/messages/module-not-found

Import trace for requested module:
./src/app/api/cron/weekly-mail/route.ts


> Build failed because of webpack errors
