   ??Next.js 14.1.4

   Creating an optimized production build ...
